2026-07-01 20:14:59,521 [INFO    ] Conectando a MariaDB...
2026-07-01 20:14:59,563 [INFO    ] package: mysql.connector.plugins
2026-07-01 20:14:59,564 [INFO    ] plugin_name: caching_sha2_password
2026-07-01 20:14:59,564 [INFO    ] AUTHENTICATION_PLUGIN_CLASS: MySQLCachingSHA2PasswordAuthPlugin
2026-07-01 20:14:59,568 [INFO    ] ✓ MariaDB 8.0.45
2026-07-01 20:14:59,568 [INFO    ] Conectando a PostgreSQL...
2026-07-01 20:14:59,592 [INFO    ] ✓ PostgreSQL OK
2026-07-01 20:14:59,592 [INFO    ] 
████████████████████████████████████████████████████████████
2026-07-01 20:14:59,592 [INFO    ]             INICIANDO MIGRACIÓN ERP → ALMA_BE_V2            
2026-07-01 20:14:59,592 [INFO    ] ████████████████████████████████████████████████████████████
2026-07-01 20:14:59,592 [INFO    ]   Modo: primeros 100 registros
2026-07-01 20:14:59,592 [INFO    ] 
Cargando tablas de referencia...
2026-07-01 20:14:59,594 [INFO    ]   lookup pais: 239 filas
2026-07-01 20:14:59,608 [INFO    ]   lookup provincia: 4291 filas
2026-07-01 20:14:59,609 [INFO    ]   lookup t_est_civil: 9 filas
2026-07-01 20:14:59,610 [INFO    ]   lookup t_ocupacion: 7 filas
2026-07-01 20:14:59,610 [INFO    ]   lookup t_dni: 6 filas
2026-07-01 20:14:59,610 [INFO    ] 
============================================================
2026-07-01 20:14:59,610 [INFO    ] MIGRANDO: roles
2026-07-01 20:14:59,629 [INFO    ] ✓ 15/15 roles
2026-07-01 20:14:59,629 [INFO    ] 
============================================================
2026-07-01 20:14:59,629 [INFO    ] MIGRANDO: users
2026-07-01 20:14:59,643 [INFO    ]   [modo limitado] Saltando tabla auth users de Laravel
2026-07-01 20:14:59,643 [INFO    ] 
============================================================
2026-07-01 20:14:59,643 [INFO    ] MIGRANDO: user_roles
2026-07-01 20:14:59,645 [WARNING ] Sin registros en model_has_roles
2026-07-01 20:14:59,645 [INFO    ] 
============================================================
2026-07-01 20:14:59,645 [INFO    ] MIGRANDO: profiles
2026-07-01 20:14:59,750 [INFO    ] ✓ 100/100 profiles (omitidos: 0)
2026-07-01 20:14:59,750 [INFO    ] 
============================================================
2026-07-01 20:14:59,750 [INFO    ] MIGRANDO: profile_addresses
2026-07-01 20:14:59,832 [INFO    ] ✓ 78/10795 profile_addresses
2026-07-01 20:14:59,832 [INFO    ] 
============================================================
2026-07-01 20:14:59,832 [INFO    ] MIGRANDO: profile_employment
2026-07-01 20:14:59,841 [INFO    ] ✓ 4/713 profile_employment
2026-07-01 20:14:59,842 [INFO    ] 
============================================================
2026-07-01 20:14:59,842 [INFO    ] MIGRANDO: profile_dni
2026-07-01 20:14:59,914 [INFO    ] ✓ 100/14657 profile_dni
2026-07-01 20:14:59,914 [INFO    ] 
████████████████████████████████████████████████████████████
2026-07-01 20:14:59,914 [INFO    ]                     MIGRACIÓN COMPLETADA                    
2026-07-01 20:14:59,914 [INFO    ] ████████████████████████████████████████████████████████████
2026-07-01 20:14:59,914 [INFO    ]   Duración   : 0.4s
2026-07-01 20:14:59,914 [INFO    ]   Tablas     : 6/8
2026-07-01 20:14:59,914 [INFO    ]   Registros  : 397 / 26380
2026-07-01 20:14:59,914 [INFO    ]   Errores    : 0
2026-07-01 20:14:59,914 [INFO    ] ████████████████████████████████████████████████████████████

2026-07-01 20:23:58,418 [INFO    ] Conectando a MariaDB...
2026-07-01 20:23:58,463 [INFO    ] package: mysql.connector.plugins
2026-07-01 20:23:58,463 [INFO    ] plugin_name: caching_sha2_password
2026-07-01 20:23:58,463 [INFO    ] AUTHENTICATION_PLUGIN_CLASS: MySQLCachingSHA2PasswordAuthPlugin
2026-07-01 20:23:58,467 [INFO    ] ✓ MariaDB 8.0.45
2026-07-01 20:23:58,467 [INFO    ] Conectando a PostgreSQL...
2026-07-01 20:23:58,495 [INFO    ] ✓ PostgreSQL OK
2026-07-01 20:23:58,495 [INFO    ] 
████████████████████████████████████████████████████████████
2026-07-01 20:23:58,495 [INFO    ]             INICIANDO MIGRACIÓN ERP → ALMA_BE_V2            
2026-07-01 20:23:58,495 [INFO    ] ████████████████████████████████████████████████████████████
2026-07-01 20:23:58,495 [INFO    ]   Modo: primeros 1000 registros
2026-07-01 20:23:58,495 [INFO    ] 
Cargando tablas de referencia...
2026-07-01 20:23:58,497 [INFO    ]   lookup pais: 239 filas
2026-07-01 20:23:58,510 [INFO    ]   lookup provincia: 4291 filas
2026-07-01 20:23:58,511 [INFO    ]   lookup t_est_civil: 9 filas
2026-07-01 20:23:58,512 [INFO    ]   lookup t_ocupacion: 7 filas
2026-07-01 20:23:58,513 [INFO    ]   lookup t_dni: 6 filas
2026-07-01 20:23:58,513 [INFO    ] 
============================================================
2026-07-01 20:23:58,513 [INFO    ] MIGRANDO: roles
2026-07-01 20:23:58,538 [INFO    ] ✓ 15/15 roles
2026-07-01 20:23:58,538 [INFO    ] 
============================================================
2026-07-01 20:23:58,538 [INFO    ] MIGRANDO: users
2026-07-01 20:23:58,576 [INFO    ]   [modo limitado] Saltando tabla auth users de Laravel
2026-07-01 20:23:58,578 [INFO    ] 
============================================================
2026-07-01 20:23:58,578 [INFO    ] MIGRANDO: user_roles
2026-07-01 20:23:58,579 [WARNING ] Sin registros en model_has_roles
2026-07-01 20:23:58,579 [INFO    ] 
============================================================
2026-07-01 20:23:58,579 [INFO    ] MIGRANDO: profiles
2026-07-01 20:23:59,408 [INFO    ] ✓ 1000/1000 profiles (omitidos: 0)
2026-07-01 20:23:59,408 [INFO    ] 
============================================================
2026-07-01 20:23:59,408 [INFO    ] MIGRANDO: profile_addresses
2026-07-01 20:23:59,527 [INFO    ] ✓ 747/10795 profile_addresses
2026-07-01 20:23:59,528 [INFO    ] 
============================================================
2026-07-01 20:23:59,528 [INFO    ] MIGRANDO: profile_employment
2026-07-01 20:23:59,540 [INFO    ] ✓ 53/713 profile_employment
2026-07-01 20:23:59,540 [INFO    ] 
============================================================
2026-07-01 20:23:59,540 [INFO    ] MIGRANDO: profile_dni
2026-07-01 20:23:59,631 [INFO    ] ✓ 1000/14657 profile_dni
2026-07-01 20:23:59,631 [INFO    ] 
████████████████████████████████████████████████████████████
2026-07-01 20:23:59,631 [INFO    ]                     MIGRACIÓN COMPLETADA                    
2026-07-01 20:23:59,631 [INFO    ] ████████████████████████████████████████████████████████████
2026-07-01 20:23:59,631 [INFO    ]   Duración   : 1.2s
2026-07-01 20:23:59,631 [INFO    ]   Tablas     : 6/8
2026-07-01 20:23:59,631 [INFO    ]   Registros  : 3815 / 28180
2026-07-01 20:23:59,631 [INFO    ]   Errores    : 0
2026-07-01 20:23:59,631 [INFO    ] ████████████████████████████████████████████████████████████

2026-07-01 20:25:26,555 [INFO    ] Conectando a MariaDB...
2026-07-01 20:25:26,600 [INFO    ] package: mysql.connector.plugins
2026-07-01 20:25:26,600 [INFO    ] plugin_name: caching_sha2_password
2026-07-01 20:25:26,600 [INFO    ] AUTHENTICATION_PLUGIN_CLASS: MySQLCachingSHA2PasswordAuthPlugin
2026-07-01 20:25:26,603 [INFO    ] ✓ MariaDB 8.0.45
2026-07-01 20:25:26,603 [INFO    ] Conectando a PostgreSQL...
2026-07-01 20:25:26,629 [INFO    ] ✓ PostgreSQL OK
2026-07-01 20:25:26,629 [INFO    ] 
████████████████████████████████████████████████████████████
2026-07-01 20:25:26,629 [INFO    ]             INICIANDO MIGRACIÓN ERP → ALMA_BE_V2            
2026-07-01 20:25:26,629 [INFO    ] ████████████████████████████████████████████████████████████
2026-07-01 20:25:26,629 [INFO    ]   Modo: primeros 10000 registros
2026-07-01 20:25:26,629 [INFO    ] 
Cargando tablas de referencia...
2026-07-01 20:25:26,632 [INFO    ]   lookup pais: 239 filas
2026-07-01 20:25:26,647 [INFO    ]   lookup provincia: 4291 filas
2026-07-01 20:25:26,648 [INFO    ]   lookup t_est_civil: 9 filas
2026-07-01 20:25:26,649 [INFO    ]   lookup t_ocupacion: 7 filas
2026-07-01 20:25:26,649 [INFO    ]   lookup t_dni: 6 filas
2026-07-01 20:25:26,649 [INFO    ] 
============================================================
2026-07-01 20:25:26,649 [INFO    ] MIGRANDO: roles
2026-07-01 20:25:26,666 [INFO    ] ✓ 15/15 roles
2026-07-01 20:25:26,666 [INFO    ] 
============================================================
2026-07-01 20:25:26,666 [INFO    ] MIGRANDO: users
2026-07-01 20:25:27,013 [ERROR   ] ✗ users: duplicate key value violates unique constraint "users_email_key"
DETAIL:  Key (email)=(duplicate.1020314687.nanasierra09@gmail.com) already exists.

2026-07-01 20:25:27,019 [INFO    ] 
============================================================
2026-07-01 20:25:27,019 [INFO    ] MIGRANDO: user_roles
2026-07-01 20:25:27,020 [WARNING ] Sin registros en model_has_roles
2026-07-01 20:25:27,020 [INFO    ] 
============================================================
2026-07-01 20:25:27,020 [INFO    ] MIGRANDO: profiles
2026-07-01 20:25:27,139 [INFO    ] ✓ 0/10000 profiles (omitidos: 10000)
2026-07-01 20:25:27,140 [INFO    ] 
============================================================
2026-07-01 20:25:27,140 [INFO    ] MIGRANDO: profile_addresses
2026-07-01 20:25:27,206 [INFO    ] ✓ 0/10795 profile_addresses
2026-07-01 20:25:27,207 [INFO    ] 
============================================================
2026-07-01 20:25:27,207 [INFO    ] MIGRANDO: profile_employment
2026-07-01 20:25:27,220 [INFO    ] ✓ 0/713 profile_employment
2026-07-01 20:25:27,220 [INFO    ] 
============================================================
2026-07-01 20:25:27,221 [INFO    ] MIGRANDO: profile_dni
2026-07-01 20:25:27,281 [INFO    ] ✓ 0/14657 profile_dni
2026-07-01 20:25:27,281 [INFO    ] 
████████████████████████████████████████████████████████████
2026-07-01 20:25:27,281 [INFO    ]                     MIGRACIÓN COMPLETADA                    
2026-07-01 20:25:27,281 [INFO    ] ████████████████████████████████████████████████████████████
2026-07-01 20:25:27,281 [INFO    ]   Duración   : 0.7s
2026-07-01 20:25:27,281 [INFO    ]   Tablas     : 5/8
2026-07-01 20:25:27,281 [INFO    ]   Registros  : 15 / 36180
2026-07-01 20:25:27,281 [INFO    ]   Errores    : 1
2026-07-01 20:25:27,281 [WARNING ]   - users: duplicate key value violates unique constraint "users_email_key"
DETAIL:  Key (email)=(duplicate.1020314687.nanasierra09@gmail.com) already exists.

2026-07-01 20:25:27,281 [INFO    ] ████████████████████████████████████████████████████████████

2026-07-01 20:34:06,462 [INFO    ] Conectando a MariaDB...
2026-07-01 20:34:06,528 [INFO    ] package: mysql.connector.plugins
2026-07-01 20:34:06,529 [INFO    ] plugin_name: caching_sha2_password
2026-07-01 20:34:06,529 [INFO    ] AUTHENTICATION_PLUGIN_CLASS: MySQLCachingSHA2PasswordAuthPlugin
2026-07-01 20:34:06,534 [INFO    ] ✓ MariaDB 8.0.45
2026-07-01 20:34:06,534 [INFO    ] Conectando a PostgreSQL...
2026-07-01 20:34:06,569 [INFO    ] ✓ PostgreSQL OK
2026-07-01 20:34:06,570 [INFO    ] 
████████████████████████████████████████████████████████████
2026-07-01 20:34:06,570 [INFO    ]             INICIANDO MIGRACIÓN ERP → ALMA_BE_V2            
2026-07-01 20:34:06,570 [INFO    ] ████████████████████████████████████████████████████████████
2026-07-01 20:34:06,570 [INFO    ]   Modo: primeros 10000 registros
2026-07-01 20:34:06,570 [INFO    ] 
Cargando tablas de referencia...
2026-07-01 20:34:06,574 [INFO    ]   lookup pais: 239 filas
2026-07-01 20:34:06,595 [INFO    ]   lookup provincia: 4291 filas
2026-07-01 20:34:06,596 [INFO    ]   lookup t_est_civil: 9 filas
2026-07-01 20:34:06,597 [INFO    ]   lookup t_ocupacion: 7 filas
2026-07-01 20:34:06,598 [INFO    ]   lookup t_dni: 6 filas
2026-07-01 20:34:06,598 [INFO    ] 
============================================================
2026-07-01 20:34:06,598 [INFO    ] MIGRANDO: roles
2026-07-01 20:34:06,617 [INFO    ] ✓ 15/15 roles
2026-07-01 20:34:06,617 [INFO    ] 
============================================================
2026-07-01 20:34:06,617 [INFO    ] MIGRANDO: users
2026-07-01 20:34:06,726 [WARNING ]   430 emails duplicados → /Users/brayan/Documents/Projects/script_varios/notification.csv
2026-07-01 20:34:07,025 [INFO    ]   [modo limitado] Saltando tabla auth users de Laravel
2026-07-01 20:34:07,030 [INFO    ] 
============================================================
2026-07-01 20:34:07,030 [INFO    ] MIGRANDO: user_roles
2026-07-01 20:34:07,032 [WARNING ] Sin registros en model_has_roles
2026-07-01 20:34:07,032 [INFO    ] 
============================================================
2026-07-01 20:34:07,032 [INFO    ] MIGRANDO: profiles
2026-07-01 20:34:13,492 [INFO    ] ✓ 10000/10000 profiles (omitidos: 0)
2026-07-01 20:34:13,497 [INFO    ] 
============================================================
2026-07-01 20:34:13,497 [INFO    ] MIGRANDO: profile_addresses
2026-07-01 20:34:13,741 [INFO    ] ✓ 7475/10795 profile_addresses
2026-07-01 20:34:13,742 [INFO    ] 
============================================================
2026-07-01 20:34:13,742 [INFO    ] MIGRANDO: profile_employment
2026-07-01 20:34:13,766 [INFO    ] ✓ 614/713 profile_employment
2026-07-01 20:34:13,766 [INFO    ] 
============================================================
2026-07-01 20:34:13,766 [INFO    ] MIGRANDO: profile_dni
2026-07-01 20:34:13,841 [WARNING ]   dni_type desconocido 'NIT.' para usuario 42862593 → CEDULA_CIUDADANIA
2026-07-01 20:34:14,067 [INFO    ] ✓ 10000/14657 profile_dni
2026-07-01 20:34:14,068 [INFO    ] 
████████████████████████████████████████████████████████████
2026-07-01 20:34:14,068 [INFO    ]                     MIGRACIÓN COMPLETADA                    
2026-07-01 20:34:14,068 [INFO    ] ████████████████████████████████████████████████████████████
2026-07-01 20:34:14,068 [INFO    ]   Duración   : 7.6s
2026-07-01 20:34:14,068 [INFO    ]   Tablas     : 6/8
2026-07-01 20:34:14,068 [INFO    ]   Registros  : 38104 / 46180
2026-07-01 20:34:14,068 [INFO    ]   Errores    : 0
2026-07-01 20:34:14,068 [INFO    ] ████████████████████████████████████████████████████████████

2026-07-01 20:41:06,248 [INFO    ] Conectando a MariaDB...
2026-07-01 20:41:06,305 [INFO    ] package: mysql.connector.plugins
2026-07-01 20:41:06,306 [INFO    ] plugin_name: caching_sha2_password
2026-07-01 20:41:06,306 [INFO    ] AUTHENTICATION_PLUGIN_CLASS: MySQLCachingSHA2PasswordAuthPlugin
2026-07-01 20:41:06,308 [INFO    ] ✓ MariaDB 8.0.45
2026-07-01 20:41:06,308 [INFO    ] Conectando a PostgreSQL...
2026-07-01 20:41:06,346 [INFO    ] ✓ PostgreSQL OK
2026-07-01 20:41:06,346 [INFO    ] 
████████████████████████████████████████████████████████████
2026-07-01 20:41:06,346 [INFO    ]             INICIANDO MIGRACIÓN ERP → ALMA_BE_V2            
2026-07-01 20:41:06,346 [INFO    ] ████████████████████████████████████████████████████████████
2026-07-01 20:41:06,346 [INFO    ]   Modo: primeros 10000 registros
2026-07-01 20:41:06,346 [INFO    ] 
Cargando tablas de referencia...
2026-07-01 20:41:06,351 [INFO    ]   lookup pais: 239 filas
2026-07-01 20:41:06,372 [INFO    ]   lookup provincia: 4291 filas
2026-07-01 20:41:06,373 [INFO    ]   lookup t_est_civil: 9 filas
2026-07-01 20:41:06,375 [INFO    ]   lookup t_ocupacion: 7 filas
2026-07-01 20:41:06,376 [INFO    ]   lookup t_dni: 6 filas
2026-07-01 20:41:06,376 [INFO    ] 
============================================================
2026-07-01 20:41:06,376 [INFO    ] MIGRANDO: roles
2026-07-01 20:41:06,397 [INFO    ] ✓ 15/15 roles
2026-07-01 20:41:06,397 [INFO    ] 
============================================================
2026-07-01 20:41:06,397 [INFO    ] MIGRANDO: users
2026-07-01 20:41:06,517 [WARNING ]   430 emails duplicados → /Users/brayan/Documents/Projects/script_varios/notification.csv
2026-07-01 20:41:06,872 [INFO    ]   [modo limitado] Saltando tabla auth users de Laravel
2026-07-01 20:41:06,893 [INFO    ] 
============================================================
2026-07-01 20:41:06,894 [INFO    ] MIGRANDO: user_roles
2026-07-01 20:41:06,895 [WARNING ] Sin registros en model_has_roles
2026-07-01 20:41:06,895 [INFO    ] 
============================================================
2026-07-01 20:41:06,895 [INFO    ] MIGRANDO: profiles
2026-07-01 20:41:13,087 [INFO    ] ✓ 10000/10000 profiles (omitidos: 0)
2026-07-01 20:41:13,088 [INFO    ] 
============================================================
2026-07-01 20:41:13,088 [INFO    ] MIGRANDO: profile_addresses
2026-07-01 20:41:13,332 [INFO    ] ✓ 7475/10795 profile_addresses
2026-07-01 20:41:13,333 [INFO    ] 
============================================================
2026-07-01 20:41:13,333 [INFO    ] MIGRANDO: profile_employment
2026-07-01 20:41:13,359 [INFO    ] ✓ 614/713 profile_employment
2026-07-01 20:41:13,360 [INFO    ] 
============================================================
2026-07-01 20:41:13,360 [INFO    ] MIGRANDO: profile_dni
2026-07-01 20:41:13,433 [WARNING ]   dni_type desconocido 'NIT.' para usuario 42862593 → CEDULA_CIUDADANIA
2026-07-01 20:41:13,673 [INFO    ] ✓ 10000/14657 profile_dni
2026-07-01 20:41:13,676 [INFO    ] 
████████████████████████████████████████████████████████████
2026-07-01 20:41:13,676 [INFO    ]                     MIGRACIÓN COMPLETADA                    
2026-07-01 20:41:13,676 [INFO    ] ████████████████████████████████████████████████████████████
2026-07-01 20:41:13,676 [INFO    ]   Duración   : 7.4s
2026-07-01 20:41:13,676 [INFO    ]   Tablas     : 6/8
2026-07-01 20:41:13,676 [INFO    ]   Registros  : 38104 / 46180
2026-07-01 20:41:13,676 [INFO    ]   Errores    : 0
2026-07-01 20:41:13,676 [INFO    ] ████████████████████████████████████████████████████████████

2026-07-01 22:06:43,629 [INFO    ] Conectando a MariaDB...
2026-07-01 22:06:43,681 [INFO    ] package: mysql.connector.plugins
2026-07-01 22:06:43,681 [INFO    ] plugin_name: caching_sha2_password
2026-07-01 22:06:43,681 [INFO    ] AUTHENTICATION_PLUGIN_CLASS: MySQLCachingSHA2PasswordAuthPlugin
2026-07-01 22:06:43,685 [INFO    ] ✓ MariaDB 8.0.45
2026-07-01 22:06:43,685 [INFO    ] Conectando a PostgreSQL...
2026-07-01 22:06:43,761 [INFO    ] ✓ PostgreSQL OK
2026-07-01 22:06:43,761 [INFO    ] 
████████████████████████████████████████████████████████████
2026-07-01 22:06:43,761 [INFO    ]             INICIANDO MIGRACIÓN ERP → ALMA_BE_V2            
2026-07-01 22:06:43,761 [INFO    ] ████████████████████████████████████████████████████████████
2026-07-01 22:06:43,761 [INFO    ]   Modo: primeros 100 registros
2026-07-01 22:06:43,761 [INFO    ] 
Cargando tablas de referencia...
2026-07-01 22:06:43,766 [INFO    ]   lookup pais: 239 filas
2026-07-01 22:06:43,791 [INFO    ]   lookup provincia: 4291 filas
2026-07-01 22:06:43,793 [INFO    ]   lookup t_est_civil: 9 filas
2026-07-01 22:06:43,794 [INFO    ]   lookup t_ocupacion: 7 filas
2026-07-01 22:06:43,795 [INFO    ]   lookup t_dni: 6 filas
2026-07-01 22:06:43,795 [INFO    ] 
============================================================
2026-07-01 22:06:43,795 [INFO    ] MIGRANDO: roles
2026-07-01 22:06:43,812 [INFO    ] ✓ 15/15 roles
2026-07-01 22:06:43,812 [INFO    ] 
============================================================
2026-07-01 22:06:43,812 [INFO    ] MIGRANDO: users
2026-07-01 22:06:43,827 [WARNING ]   1 emails duplicados → /Users/brayan/Documents/Projects/script_varios/notification.csv
2026-07-01 22:06:43,830 [INFO    ]   [modo limitado] Saltando tabla auth users de Laravel
2026-07-01 22:06:43,831 [INFO    ] 
============================================================
2026-07-01 22:06:43,831 [INFO    ] MIGRANDO: user_roles
2026-07-01 22:06:43,832 [WARNING ] Sin registros en model_has_roles
2026-07-01 22:06:43,833 [INFO    ] 
============================================================
2026-07-01 22:06:43,833 [INFO    ] MIGRANDO: profiles
2026-07-01 22:06:43,921 [INFO    ] ✓ 100/100 profiles (omitidos: 0)
2026-07-01 22:06:43,921 [INFO    ] 
============================================================
2026-07-01 22:06:43,921 [INFO    ] MIGRANDO: profile_addresses
2026-07-01 22:06:44,022 [INFO    ] ✓ 78/10795 profile_addresses
2026-07-01 22:06:44,023 [INFO    ] 
============================================================
2026-07-01 22:06:44,023 [INFO    ] MIGRANDO: profile_employment
2026-07-01 22:06:44,032 [INFO    ] ✓ 4/713 profile_employment
2026-07-01 22:06:44,033 [INFO    ] 
============================================================
2026-07-01 22:06:44,033 [INFO    ] MIGRANDO: profile_dni
2026-07-01 22:06:44,103 [INFO    ] ✓ 100/14657 profile_dni
2026-07-01 22:06:44,104 [INFO    ] 
████████████████████████████████████████████████████████████
2026-07-01 22:06:44,104 [INFO    ]                     MIGRACIÓN COMPLETADA                    
2026-07-01 22:06:44,104 [INFO    ] ████████████████████████████████████████████████████████████
2026-07-01 22:06:44,104 [INFO    ]   Duración   : 0.5s
2026-07-01 22:06:44,104 [INFO    ]   Tablas     : 6/8
2026-07-01 22:06:44,104 [INFO    ]   Registros  : 397 / 26380
2026-07-01 22:06:44,104 [INFO    ]   Errores    : 0
2026-07-01 22:06:44,104 [INFO    ] ████████████████████████████████████████████████████████████

